// Jest Snapshot v1, https://goo.gl/fbAQLP

exports[`FormApi should get value for a specific field 1`] = `"The key \\"c\\" does not exits on item {\\"a\\":1,\\"b\\":2}."`;
