// Jest Snapshot v1, https://goo.gl/fbAQLP

exports[`FieldArrayItems should render items 1`] = `
Array [
  <input
    name="a"
    value="0"
  />,
  <input
    name="a"
    value="1"
  />,
  <input
    name="a"
    value="2"
  />,
]
`;
