// Jest Snapshot v1, https://goo.gl/fbAQLP

exports[`selectDeep should throw an error if the path does not exist 1`] = `"The key \\"b\\" does not exits on item {\\"a\\":{\\"b\\":{\\"c\\":123}}}."`;
