// Jest Snapshot v1, https://goo.gl/fbAQLP

exports[`Form should render 1`] = `
<form
  onSubmit={[Function]}
/>
`;

exports[`Form should render model in inputs 1`] = `"<form><input name=\\"a\\" value=\\"hello\\"><input type=\\"number\\" name=\\"b\\" value=\\"124\\"></form>"`;
