// Jest Snapshot v1, https://goo.gl/fbAQLP

exports[`Field should render 1`] = `
<input
  name="name"
  onBlur={[Function]}
  onChange={[Function]}
  onFocus={[Function]}
  value="value"
/>
`;
